// Vitest Snapshot v1, https://vitest.dev/guide/snapshot.html

exports[`行動等価性: 旧 while ループ vs 新 per-turn チェーン > 介入が発火する章: ファシリテーター介入を含むターン列ゴールデン 1`] = `
[
  {
    "fromQueue": false,
    "personaId": null,
    "speakerType": "facilitator",
    "targetPersonaId": null,
  },
  {
    "fromQueue": false,
    "personaId": "p1",
    "speakerType": "persona",
    "targetPersonaId": null,
  },
  {
    "fromQueue": false,
    "personaId": "p2",
    "speakerType": "persona",
    "targetPersonaId": null,
  },
  {
    "fromQueue": false,
    "personaId": "p1",
    "speakerType": "persona",
    "targetPersonaId": null,
  },
  {
    "fromQueue": false,
    "personaId": null,
    "speakerType": "facilitator",
    "targetPersonaId": null,
  },
  {
    "fromQueue": false,
    "personaId": "p2",
    "speakerType": "persona",
    "targetPersonaId": null,
  },
  {
    "fromQueue": false,
    "personaId": "p1",
    "speakerType": "persona",
    "targetPersonaId": null,
  },
  {
    "fromQueue": false,
    "personaId": "p2",
    "speakerType": "persona",
    "targetPersonaId": null,
  },
  {
    "fromQueue": false,
    "personaId": null,
    "speakerType": "facilitator",
    "targetPersonaId": null,
  },
  {
    "fromQueue": false,
    "personaId": "p1",
    "speakerType": "persona",
    "targetPersonaId": null,
  },
  {
    "fromQueue": false,
    "personaId": "p2",
    "speakerType": "persona",
    "targetPersonaId": null,
  },
  {
    "fromQueue": false,
    "personaId": "p1",
    "speakerType": "persona",
    "targetPersonaId": null,
  },
  {
    "fromQueue": false,
    "personaId": null,
    "speakerType": "facilitator",
    "targetPersonaId": null,
  },
  {
    "fromQueue": false,
    "personaId": "p2",
    "speakerType": "persona",
    "targetPersonaId": null,
  },
  {
    "fromQueue": false,
    "personaId": "p1",
    "speakerType": "persona",
    "targetPersonaId": null,
  },
  {
    "fromQueue": false,
    "personaId": "p2",
    "speakerType": "persona",
    "targetPersonaId": null,
  },
  {
    "fromQueue": false,
    "personaId": null,
    "speakerType": "facilitator",
    "targetPersonaId": null,
  },
  {
    "fromQueue": false,
    "personaId": "p1",
    "speakerType": "persona",
    "targetPersonaId": null,
  },
  {
    "fromQueue": false,
    "personaId": "p2",
    "speakerType": "persona",
    "targetPersonaId": null,
  },
  {
    "fromQueue": false,
    "personaId": "p1",
    "speakerType": "persona",
    "targetPersonaId": null,
  },
  {
    "fromQueue": false,
    "personaId": null,
    "speakerType": "facilitator",
    "targetPersonaId": null,
  },
  {
    "fromQueue": false,
    "personaId": "p2",
    "speakerType": "persona",
    "targetPersonaId": null,
  },
  {
    "fromQueue": false,
    "personaId": "p1",
    "speakerType": "persona",
    "targetPersonaId": null,
  },
  {
    "fromQueue": false,
    "personaId": "p2",
    "speakerType": "persona",
    "targetPersonaId": null,
  },
  {
    "fromQueue": false,
    "personaId": null,
    "speakerType": "facilitator",
    "targetPersonaId": null,
  },
  {
    "fromQueue": false,
    "personaId": "p1",
    "speakerType": "persona",
    "targetPersonaId": null,
  },
  {
    "fromQueue": false,
    "personaId": "p2",
    "speakerType": "persona",
    "targetPersonaId": null,
  },
  {
    "fromQueue": false,
    "personaId": "p1",
    "speakerType": "persona",
    "targetPersonaId": null,
  },
  {
    "fromQueue": false,
    "personaId": null,
    "speakerType": "facilitator",
    "targetPersonaId": null,
  },
  {
    "fromQueue": false,
    "personaId": "p2",
    "speakerType": "persona",
    "targetPersonaId": null,
  },
  {
    "fromQueue": false,
    "personaId": "p1",
    "speakerType": "persona",
    "targetPersonaId": null,
  },
  {
    "fromQueue": false,
    "personaId": "p2",
    "speakerType": "persona",
    "targetPersonaId": null,
  },
  {
    "fromQueue": false,
    "personaId": null,
    "speakerType": "facilitator",
    "targetPersonaId": null,
  },
  {
    "fromQueue": false,
    "personaId": "p1",
    "speakerType": "persona",
    "targetPersonaId": null,
  },
  {
    "fromQueue": false,
    "personaId": "p2",
    "speakerType": "persona",
    "targetPersonaId": null,
  },
  {
    "fromQueue": false,
    "personaId": "p1",
    "speakerType": "persona",
    "targetPersonaId": null,
  },
  {
    "fromQueue": false,
    "personaId": null,
    "speakerType": "facilitator",
    "targetPersonaId": null,
  },
  {
    "fromQueue": false,
    "personaId": "p2",
    "speakerType": "persona",
    "targetPersonaId": null,
  },
]
`;

exports[`行動等価性: 旧 while ループ vs 新 per-turn チェーン > 指名（直接質問）が連続する章: +1 最終応答を含むターン列ゴールデン 1`] = `
[
  {
    "fromQueue": false,
    "personaId": null,
    "speakerType": "facilitator",
    "targetPersonaId": null,
  },
  {
    "fromQueue": false,
    "personaId": "p1",
    "speakerType": "persona",
    "targetPersonaId": "p2",
  },
  {
    "fromQueue": false,
    "personaId": "p2",
    "speakerType": "persona",
    "targetPersonaId": "p1",
  },
  {
    "fromQueue": false,
    "personaId": "p1",
    "speakerType": "persona",
    "targetPersonaId": "p2",
  },
  {
    "fromQueue": false,
    "personaId": "p2",
    "speakerType": "persona",
    "targetPersonaId": "p1",
  },
  {
    "fromQueue": false,
    "personaId": "p1",
    "speakerType": "persona",
    "targetPersonaId": "p2",
  },
  {
    "fromQueue": false,
    "personaId": "p2",
    "speakerType": "persona",
    "targetPersonaId": "p1",
  },
  {
    "fromQueue": false,
    "personaId": "p1",
    "speakerType": "persona",
    "targetPersonaId": "p2",
  },
  {
    "fromQueue": false,
    "personaId": "p2",
    "speakerType": "persona",
    "targetPersonaId": "p1",
  },
  {
    "fromQueue": false,
    "personaId": "p1",
    "speakerType": "persona",
    "targetPersonaId": "p2",
  },
  {
    "fromQueue": false,
    "personaId": "p2",
    "speakerType": "persona",
    "targetPersonaId": "p1",
  },
  {
    "fromQueue": false,
    "personaId": "p1",
    "speakerType": "persona",
    "targetPersonaId": "p2",
  },
  {
    "fromQueue": false,
    "personaId": "p2",
    "speakerType": "persona",
    "targetPersonaId": "p1",
  },
  {
    "fromQueue": false,
    "personaId": "p1",
    "speakerType": "persona",
    "targetPersonaId": "p2",
  },
  {
    "fromQueue": false,
    "personaId": "p2",
    "speakerType": "persona",
    "targetPersonaId": "p1",
  },
  {
    "fromQueue": false,
    "personaId": "p1",
    "speakerType": "persona",
    "targetPersonaId": "p2",
  },
  {
    "fromQueue": false,
    "personaId": "p2",
    "speakerType": "persona",
    "targetPersonaId": "p1",
  },
  {
    "fromQueue": false,
    "personaId": "p1",
    "speakerType": "persona",
    "targetPersonaId": "p2",
  },
  {
    "fromQueue": false,
    "personaId": "p2",
    "speakerType": "persona",
    "targetPersonaId": "p1",
  },
  {
    "fromQueue": false,
    "personaId": "p1",
    "speakerType": "persona",
    "targetPersonaId": "p2",
  },
  {
    "fromQueue": false,
    "personaId": "p2",
    "speakerType": "persona",
    "targetPersonaId": "p1",
  },
  {
    "fromQueue": false,
    "personaId": "p1",
    "speakerType": "persona",
    "targetPersonaId": "p2",
  },
  {
    "fromQueue": false,
    "personaId": "p2",
    "speakerType": "persona",
    "targetPersonaId": "p1",
  },
  {
    "fromQueue": false,
    "personaId": "p1",
    "speakerType": "persona",
    "targetPersonaId": "p2",
  },
]
`;

exports[`行動等価性: 旧 while ループ vs 新 per-turn チェーン > 論点あり単一章（カバレッジ評価経路）: ターン列ゴールデン 1`] = `
[
  {
    "fromQueue": false,
    "personaId": null,
    "speakerType": "facilitator",
    "targetPersonaId": null,
  },
  {
    "fromQueue": false,
    "personaId": "p1",
    "speakerType": "persona",
    "targetPersonaId": null,
  },
  {
    "fromQueue": false,
    "personaId": "p2",
    "speakerType": "persona",
    "targetPersonaId": null,
  },
  {
    "fromQueue": false,
    "personaId": "p1",
    "speakerType": "persona",
    "targetPersonaId": null,
  },
  {
    "fromQueue": false,
    "personaId": "p2",
    "speakerType": "persona",
    "targetPersonaId": null,
  },
  {
    "fromQueue": false,
    "personaId": "p1",
    "speakerType": "persona",
    "targetPersonaId": null,
  },
  {
    "fromQueue": false,
    "personaId": "p2",
    "speakerType": "persona",
    "targetPersonaId": null,
  },
  {
    "fromQueue": false,
    "personaId": "p1",
    "speakerType": "persona",
    "targetPersonaId": null,
  },
  {
    "fromQueue": false,
    "personaId": "p2",
    "speakerType": "persona",
    "targetPersonaId": null,
  },
  {
    "fromQueue": false,
    "personaId": "p1",
    "speakerType": "persona",
    "targetPersonaId": null,
  },
  {
    "fromQueue": false,
    "personaId": "p2",
    "speakerType": "persona",
    "targetPersonaId": null,
  },
  {
    "fromQueue": false,
    "personaId": "p1",
    "speakerType": "persona",
    "targetPersonaId": null,
  },
]
`;

exports[`行動等価性: 旧 while ループ vs 新 per-turn チェーン > 論点なし単一章: ターン列ゴールデン 1`] = `
[
  {
    "fromQueue": false,
    "personaId": null,
    "speakerType": "facilitator",
    "targetPersonaId": null,
  },
  {
    "fromQueue": false,
    "personaId": "p1",
    "speakerType": "persona",
    "targetPersonaId": null,
  },
  {
    "fromQueue": false,
    "personaId": "p2",
    "speakerType": "persona",
    "targetPersonaId": null,
  },
  {
    "fromQueue": false,
    "personaId": "p1",
    "speakerType": "persona",
    "targetPersonaId": null,
  },
  {
    "fromQueue": false,
    "personaId": "p2",
    "speakerType": "persona",
    "targetPersonaId": null,
  },
  {
    "fromQueue": false,
    "personaId": "p1",
    "speakerType": "persona",
    "targetPersonaId": null,
  },
  {
    "fromQueue": false,
    "personaId": "p2",
    "speakerType": "persona",
    "targetPersonaId": null,
  },
  {
    "fromQueue": false,
    "personaId": "p1",
    "speakerType": "persona",
    "targetPersonaId": null,
  },
  {
    "fromQueue": false,
    "personaId": "p2",
    "speakerType": "persona",
    "targetPersonaId": null,
  },
  {
    "fromQueue": false,
    "personaId": "p1",
    "speakerType": "persona",
    "targetPersonaId": null,
  },
  {
    "fromQueue": false,
    "personaId": "p2",
    "speakerType": "persona",
    "targetPersonaId": null,
  },
  {
    "fromQueue": false,
    "personaId": "p1",
    "speakerType": "persona",
    "targetPersonaId": null,
  },
  {
    "fromQueue": false,
    "personaId": "p2",
    "speakerType": "persona",
    "targetPersonaId": null,
  },
  {
    "fromQueue": false,
    "personaId": "p1",
    "speakerType": "persona",
    "targetPersonaId": null,
  },
  {
    "fromQueue": false,
    "personaId": "p2",
    "speakerType": "persona",
    "targetPersonaId": null,
  },
  {
    "fromQueue": false,
    "personaId": "p1",
    "speakerType": "persona",
    "targetPersonaId": null,
  },
  {
    "fromQueue": false,
    "personaId": "p2",
    "speakerType": "persona",
    "targetPersonaId": null,
  },
  {
    "fromQueue": false,
    "personaId": "p1",
    "speakerType": "persona",
    "targetPersonaId": null,
  },
  {
    "fromQueue": false,
    "personaId": "p2",
    "speakerType": "persona",
    "targetPersonaId": null,
  },
  {
    "fromQueue": false,
    "personaId": "p1",
    "speakerType": "persona",
    "targetPersonaId": null,
  },
  {
    "fromQueue": false,
    "personaId": "p2",
    "speakerType": "persona",
    "targetPersonaId": null,
  },
  {
    "fromQueue": false,
    "personaId": "p1",
    "speakerType": "persona",
    "targetPersonaId": null,
  },
  {
    "fromQueue": false,
    "personaId": "p2",
    "speakerType": "persona",
    "targetPersonaId": null,
  },
]
`;

exports[`行動等価性: 旧 while ループ vs 新 per-turn チェーン > 論点なし複数章: 章遷移を含むターン列ゴールデン 1`] = `
[
  {
    "fromQueue": false,
    "personaId": null,
    "speakerType": "facilitator",
    "targetPersonaId": null,
  },
  {
    "fromQueue": false,
    "personaId": "p1",
    "speakerType": "persona",
    "targetPersonaId": null,
  },
  {
    "fromQueue": false,
    "personaId": "p2",
    "speakerType": "persona",
    "targetPersonaId": null,
  },
  {
    "fromQueue": false,
    "personaId": "p1",
    "speakerType": "persona",
    "targetPersonaId": null,
  },
  {
    "fromQueue": false,
    "personaId": "p2",
    "speakerType": "persona",
    "targetPersonaId": null,
  },
  {
    "fromQueue": false,
    "personaId": "p1",
    "speakerType": "persona",
    "targetPersonaId": null,
  },
  {
    "fromQueue": false,
    "personaId": "p2",
    "speakerType": "persona",
    "targetPersonaId": null,
  },
  {
    "fromQueue": false,
    "personaId": "p1",
    "speakerType": "persona",
    "targetPersonaId": null,
  },
  {
    "fromQueue": false,
    "personaId": "p2",
    "speakerType": "persona",
    "targetPersonaId": null,
  },
  {
    "fromQueue": false,
    "personaId": "p1",
    "speakerType": "persona",
    "targetPersonaId": null,
  },
  {
    "fromQueue": false,
    "personaId": "p2",
    "speakerType": "persona",
    "targetPersonaId": null,
  },
  {
    "fromQueue": false,
    "personaId": "p1",
    "speakerType": "persona",
    "targetPersonaId": null,
  },
  {
    "fromQueue": false,
    "personaId": "p2",
    "speakerType": "persona",
    "targetPersonaId": null,
  },
  {
    "fromQueue": false,
    "personaId": "p1",
    "speakerType": "persona",
    "targetPersonaId": null,
  },
  {
    "fromQueue": false,
    "personaId": "p2",
    "speakerType": "persona",
    "targetPersonaId": null,
  },
  {
    "fromQueue": false,
    "personaId": "p1",
    "speakerType": "persona",
    "targetPersonaId": null,
  },
  {
    "fromQueue": false,
    "personaId": "p2",
    "speakerType": "persona",
    "targetPersonaId": null,
  },
  {
    "fromQueue": false,
    "personaId": "p1",
    "speakerType": "persona",
    "targetPersonaId": null,
  },
  {
    "fromQueue": false,
    "personaId": "p2",
    "speakerType": "persona",
    "targetPersonaId": null,
  },
  {
    "fromQueue": false,
    "personaId": "p1",
    "speakerType": "persona",
    "targetPersonaId": null,
  },
  {
    "fromQueue": false,
    "personaId": "p2",
    "speakerType": "persona",
    "targetPersonaId": null,
  },
  {
    "fromQueue": false,
    "personaId": "p1",
    "speakerType": "persona",
    "targetPersonaId": null,
  },
  {
    "fromQueue": false,
    "personaId": "p2",
    "speakerType": "persona",
    "targetPersonaId": null,
  },
  {
    "fromQueue": false,
    "personaId": null,
    "speakerType": "facilitator",
    "targetPersonaId": null,
  },
  {
    "fromQueue": false,
    "personaId": "p1",
    "speakerType": "persona",
    "targetPersonaId": null,
  },
  {
    "fromQueue": false,
    "personaId": "p2",
    "speakerType": "persona",
    "targetPersonaId": null,
  },
  {
    "fromQueue": false,
    "personaId": "p1",
    "speakerType": "persona",
    "targetPersonaId": null,
  },
  {
    "fromQueue": false,
    "personaId": "p2",
    "speakerType": "persona",
    "targetPersonaId": null,
  },
  {
    "fromQueue": false,
    "personaId": "p1",
    "speakerType": "persona",
    "targetPersonaId": null,
  },
  {
    "fromQueue": false,
    "personaId": "p2",
    "speakerType": "persona",
    "targetPersonaId": null,
  },
  {
    "fromQueue": false,
    "personaId": "p1",
    "speakerType": "persona",
    "targetPersonaId": null,
  },
  {
    "fromQueue": false,
    "personaId": "p2",
    "speakerType": "persona",
    "targetPersonaId": null,
  },
  {
    "fromQueue": false,
    "personaId": "p1",
    "speakerType": "persona",
    "targetPersonaId": null,
  },
  {
    "fromQueue": false,
    "personaId": "p2",
    "speakerType": "persona",
    "targetPersonaId": null,
  },
  {
    "fromQueue": false,
    "personaId": "p1",
    "speakerType": "persona",
    "targetPersonaId": null,
  },
  {
    "fromQueue": false,
    "personaId": "p2",
    "speakerType": "persona",
    "targetPersonaId": null,
  },
  {
    "fromQueue": false,
    "personaId": "p1",
    "speakerType": "persona",
    "targetPersonaId": null,
  },
  {
    "fromQueue": false,
    "personaId": "p2",
    "speakerType": "persona",
    "targetPersonaId": null,
  },
  {
    "fromQueue": false,
    "personaId": "p1",
    "speakerType": "persona",
    "targetPersonaId": null,
  },
  {
    "fromQueue": false,
    "personaId": "p2",
    "speakerType": "persona",
    "targetPersonaId": null,
  },
  {
    "fromQueue": false,
    "personaId": "p1",
    "speakerType": "persona",
    "targetPersonaId": null,
  },
  {
    "fromQueue": false,
    "personaId": "p2",
    "speakerType": "persona",
    "targetPersonaId": null,
  },
  {
    "fromQueue": false,
    "personaId": "p1",
    "speakerType": "persona",
    "targetPersonaId": null,
  },
  {
    "fromQueue": false,
    "personaId": "p2",
    "speakerType": "persona",
    "targetPersonaId": null,
  },
  {
    "fromQueue": false,
    "personaId": "p1",
    "speakerType": "persona",
    "targetPersonaId": null,
  },
  {
    "fromQueue": false,
    "personaId": "p2",
    "speakerType": "persona",
    "targetPersonaId": null,
  },
]
`;
