// Vitest Snapshot v1, https://vitest.dev/guide/snapshot.html

exports[`buildAvatarPrompt > プロンプト全体のスナップショット 1`] = `
"# 指示
これは画像編集の指示。添付した seed 画像を編集して出力を作る（白紙から新しく描き起こさない）。seed の枠——画角・頭の大きさ（ズーム）・目線の高さ・頭の位置——はそのまま保ち、その枠の中で人物を別人に差し替え、下の「描き分ける」の指定値を反映する。

# 様式（seed に一致させる）
- 髪・衣服・体の輪郭は黒基調でベタ塗りのシルエットにする（グレー・写実的な陰影にしない）。seed に含まれる襟・ボタン・眼鏡などの細い線描には一致させる。
- 白髪は黒で塗らず、筋のストロークで描く。
- 顔・首・肌は塗らず白のまま残し、featureless にする。目・鼻・口・眉・まつげを描かず、顔の内側は白のネガティブスペースにする。
- 顔・顎の輪郭線は seed の描き方に準じる。
- 背景は無地の白一色にする（グラデーション・小物・枠を置かない）。影・ドロップシャドウを描かない。
- 構図はバストアップ（胸から上）にし、正方1:1の枠に収める。
- 全体をアイコン的に単純化する（写実的な描き込み・テクスチャ・柄を避ける）。

# スケール（seed の枠を保つ。ここが崩れると一覧で不揃いになる）
- 固定するのは seed の枠＝ズーム（頭の大きさ）と目線の高さ。ここは seed と完全に一致させる。
- 体型・髪型・ポーズは枠を保ったまま、下の指定値どおりに変える（枠だけ保ち、中身は変える）。

# 描き分ける（指定値で変える）
- 年齢: 42歳。皺や灰色でなく、頭身（頭と体の比率）・生え際・姿勢・髪型のシルエットで表す。
- 髪型: ショートボブ
- 体型: がっしり
- ポーズ: 腕組み
- アングル: 斜め約30度
- 服装: 弁護士にふさわしい服装
- メガネ: あり（黒いフレームのみをシルエットで描き、レンズ内・目は描かない）
- 表情は話している最中の真剣な様子にする（笑顔にしない）。"
`;
