// Vitest Snapshot v1, https://vitest.dev/guide/snapshot.html

exports[`buildAvatarPrompt > プロンプト全体のスナップショット 1`] = `
"これは画像編集の指示。添付した画像を編集して、別人のアバターにする。ただし性別と年代は元画像から変えない。次を必ず守る。
- 出力は正方形（縦と横が同じ長さ）の画像にする。
- 頭の大きさ（画面に占める頭のサイズ）と目線の高さを、元画像と同じにする。
- この人物は女性的な外見。元画像の性別を保ち、変えない。
- 年代は42歳相当。年齢は皺や白髪でなく、頭身・生え際・姿勢・髪型のシルエットで表す。
- 様式は元画像のまま保つ：黒基調のシルエット、顔は描かない（目・鼻・口・眉を描かず白のネガティブスペース）、背景は白一色、影は描かない。
- 髪・衣服・体の輪郭は黒基調でベタ塗りのシルエットにする（グレー・写実的な陰影にしない）。
- 白髪を描く場合は、髪を黒く塗ったうえに白い細い筋（毛流れ）を入れて表す。
- 服装は、この人物の暮らしぶり（年代・立場・経済状況・生活実態・関心事）にふさわしいものにする。職業から機械的にスーツにせず、下記の実態に合わせる。
  立場: 刑事事件専門の弁護士（日本）。関心事: 登山。背景: 都内在住。企業を早期退職して独立し、生活は安定している。
  ※立場・関心事・背景は服装・年代・雰囲気の判断にだけ使い、小物・場面・情景は描かない（背景は白一色のまま／顔も描かない）。
- 変えるのは人物を別人にすることと、次だけ。髪型は次のとおり: ショートボブ 体型は「がっしり」にする。メガネ（形状はスクエア・太いフルリム）をかける（レンズ内と目は描かない）。"
`;
