// Vitest Snapshot v1, https://vitest.dev/guide/snapshot.html

exports[`buildAvatarPrompt > プロンプト全体のスナップショット 1`] = `
"これは画像編集の指示。添付した画像を編集して、別人のアバターにする。次を必ず守る。
- 出力は正方形（縦と横が同じ長さ）の画像にする。
- 頭の大きさ（画面に占める頭のサイズ）と目線の高さを、元画像と同じにする。
- 様式は元画像のまま保つ：黒基調のシルエット、顔は描かない（目・鼻・口・眉を描かず白のネガティブスペース）、背景は白一色、影は描かない。
- 髪・衣服・体の輪郭は黒基調でベタ塗りのシルエットにする（グレー・写実的な陰影にしない）。
- 白髪を描く場合は、髪を黒く塗ったうえに白い細い筋（毛流れ）を入れて表す。
- 変えるのは人物を別人にすることと、次だけ：髪型を「ショートボブ」にする / 服装を「弁護士にふさわしい服」にする / メガネをかける（黒いフレームのみ・レンズ内と目は描かない）"
`;
